=== Starting Booking System Verification ===

> Registering user testuser_1768304611147@example.com...
User registered.

> Creating flight FL588 with 5 seats...
Flight created (ID: 2)

> Testing Single Booking (1 seat)...
Status: 500 { message: "Data truncated for column 'status' at row 1" }

> Testing Overbooking (Concurrency)...
Request 1: Status 500 - Data truncated for column 'status' at row 1
Request 2: Status 500 - Data truncated for column 'status' at row 1
Request 3: Status 500 - Data truncated for column 'status' at row 1
Summary: 0 succeeded, 3 failed.
WARNING: Unexpected overbooking result.

> Fetching User Bookings...
Found 0 bookings.
ΓöîΓöÇΓöÇΓöÇΓöÇΓöÇΓöÇΓöÇΓöÇΓöÇΓöÉ
Γöé (index) Γöé
Γö£ΓöÇΓöÇΓöÇΓöÇΓöÇΓöÇΓöÇΓöÇΓöÇΓöñ
ΓööΓöÇΓöÇΓöÇΓöÇΓöÇΓöÇΓöÇΓöÇΓöÇΓöÿ

=== Test Complete ===
